main <sample:0,0> params=0 vararg=true maxstack=8
  [0000] line=1 LOADK     A=0 Bx=0
  [0001] line=1 CLOSURE   A=1 Bx=0
  [0002] line=1 LOADK     A=2 Bx=0
  [0003] line=1 LOADK     A=3 Bx=1
  [0004] line=1 LOADK     A=4 Bx=0
  [0005] line=1 FORPREP   A=2 sBx=4
  [0006] line=1 MOVE      A=6 B=0 C=0
  [0007] line=1 MOVE      A=7 B=5 C=0
  [0008] line=1 ADD       A=6 B=R(6) C=R(7)
  [0009] line=1 MOVE      A=0 B=6 C=0
  [0010] line=1 FORLOOP   A=2 sBx=-5
  [0011] line=1 JMP       A=0 sBx=0
  [0012] line=1 JMP       A=3 sBx=0
  [0013] line=0 RETURN    A=0 B=1 C=0
  constants (2):
    [0] integer(1)
    [1] integer(2)
  locals (3):
    [0] name="a" pc=[1,14)
    [1] name="f" pc=[1,14)
    [2] name="i" pc=[5,13)
  child[0] <sample:1,1> params=1 vararg=false maxstack=3
    [0000] line=1 MOVE      A=1 B=0 C=0
    [0001] line=1 GETUPVAL  A=2 B=0 C=0
    [0002] line=1 ADD       A=1 B=R(1) C=R(2)
    [0003] line=1 RETURN    A=1 B=2 C=0
    upvalues (1):
      [0] name="a" instack=true index=0
    locals (1):
      [0] name="x" pc=[0,4)
