global._G=table
global._VERSION=string
global.assert=gofunction
global.pcall=gofunction
global.xpcall=gofunction
global.type=gofunction
global.tostring=gofunction
global.tonumber=gofunction
global.coroutine=table
global.table=table
global.string=table
global.math=table
global.io=table
global.os=table
global.package=table
global.utf8=table
global.debug=table
coroutine.create=gofunction
coroutine.resume=gofunction
coroutine.running=gofunction
coroutine.status=gofunction
coroutine.wrap=gofunction
coroutine.yield=gofunction
table.concat=gofunction
table.insert=gofunction
table.move=gofunction
table.pack=gofunction
table.remove=gofunction
table.sort=gofunction
table.unpack=gofunction
string.byte=gofunction
string.char=gofunction
string.dump=gofunction
string.find=gofunction
string.format=gofunction
string.gmatch=gofunction
string.gsub=gofunction
string.len=gofunction
string.lower=gofunction
string.match=gofunction
string.pack=gofunction
string.packsize=gofunction
string.rep=gofunction
string.reverse=gofunction
string.sub=gofunction
string.unpack=gofunction
string.upper=gofunction
math.abs=gofunction
math.acos=gofunction
math.asin=gofunction
math.atan=gofunction
math.ceil=gofunction
math.cos=gofunction
math.deg=gofunction
math.exp=gofunction
math.floor=gofunction
math.fmod=gofunction
math.huge=number
math.log=gofunction
math.max=gofunction
math.maxinteger=integer
math.min=gofunction
math.mininteger=integer
math.modf=gofunction
math.pi=number
math.rad=gofunction
math.random=gofunction
math.randomseed=gofunction
math.sin=gofunction
math.sqrt=gofunction
math.tan=gofunction
math.tointeger=gofunction
math.type=gofunction
math.ult=gofunction
io.close=gofunction
io.flush=gofunction
io.input=gofunction
io.lines=gofunction
io.open=gofunction
io.output=gofunction
io.popen=gofunction
io.read=gofunction
io.tmpfile=gofunction
io.type=gofunction
io.write=gofunction
io.stdin=userdata
io.stdout=userdata
io.stderr=userdata
os.clock=gofunction
os.date=gofunction
os.difftime=gofunction
os.execute=gofunction
os.exit=gofunction
os.getenv=gofunction
os.remove=gofunction
os.rename=gofunction
os.setlocale=gofunction
os.time=gofunction
os.tmpname=gofunction
package.config=string
package.cpath=string
package.loaded=table
package.loadlib=gofunction
package.path=string
package.preload=table
package.searchers=table
package.searchpath=gofunction
utf8.char=gofunction
utf8.charpattern=string
utf8.codes=gofunction
utf8.codepoint=gofunction
utf8.len=gofunction
utf8.offset=gofunction
debug.debug=gofunction
debug.gethook=gofunction
debug.getinfo=gofunction
debug.getlocal=gofunction
debug.getmetatable=gofunction
debug.getregistry=gofunction
debug.getupvalue=gofunction
debug.getuservalue=gofunction
debug.sethook=gofunction
debug.setlocal=gofunction
debug.setmetatable=gofunction
debug.setupvalue=gofunction
debug.setuservalue=gofunction
debug.traceback=gofunction
debug.upvalueid=gofunction
debug.upvaluejoin=gofunction
